
INFO: 2025-01-09 13:08:14.903233: Force option set, will apply resource r0

INFO: 2025-01-09 13:08:14.918855: StartResource(https://get.docker.com/): download

INFO: 2025-01-09 13:08:14.927633: Executing modules

INFO: 2025-01-09 13:08:14.927836: Modules executed

INFO: 2025-01-09 13:08:15.443026: EndResource(https://get.docker.com/): download

INFO: 2025-01-09 13:08:15.443262: StartResource(https://get.docker.com/): download

INFO: 2025-01-09 13:08:15.443495: Executing modules

INFO: 2025-01-09 13:08:15.443601: Modules executed

INFO: 2025-01-09 13:08:15.445619: File /home/kingwill101/code/dart_packages/configr/examples/download/docker2.sh deleted

INFO: 2025-01-09 13:08:15.709181: EndResource(https://get.docker.com/): download

INFO: 2025-01-09 13:08:15.710280: StartResource(https://get.docker.com/): copy

INFO: 2025-01-09 13:08:15.714723: Executing modules

INFO: 2025-01-09 13:08:15.715102: Modules executed

INFO: 2025-01-09 13:08:15.736433: Executing modules

INFO: 2025-01-09 13:08:15.736679: Modules executed

INFO: 2025-01-09 13:08:15.737476: Copying file from /home/kingwill101/code/dart_packages/configr/examples/download/docker.sh to /home/kingwill101/code/dart_packages/configr/examples/download/docker.copied.sh

INFO: 2025-01-09 13:08:15.738644: File copied successfully

INFO: 2025-01-09 13:08:15.739514: EndResource(https://get.docker.com/): copy

INFO: 2025-01-09 13:08:15.739937: StartResource(https://get.docker.com/): delete

INFO: 2025-01-09 13:08:15.741024: Executing modules

INFO: 2025-01-09 13:08:15.741160: Modules executed

INFO: 2025-01-09 13:08:15.741370: Deleting file /home/kingwill101/code/dart_packages/configr/examples/download/docker.sh

INFO: 2025-01-09 13:08:15.741832: File /home/kingwill101/code/dart_packages/configr/examples/download/docker.sh deleted

INFO: 2025-01-09 13:08:15.742706: EndResource(https://get.docker.com/): delete

INFO: 2025-01-09 13:08:15.743033: StartResource(https://get.docker.com/): delete

INFO: 2025-01-09 13:08:15.743491: Executing modules

INFO: 2025-01-09 13:08:15.743598: Modules executed

INFO: 2025-01-09 13:08:15.743729: Deleting file /home/kingwill101/code/dart_packages/configr/examples/download/docker.copied.sh

INFO: 2025-01-09 13:08:15.744098: File /home/kingwill101/code/dart_packages/configr/examples/download/docker.copied.sh deleted

INFO: 2025-01-09 13:08:15.744653: EndResource(https://get.docker.com/): delete

INFO: 2025-02-22 07:45:13.866198: Force option set, will apply resource resource_1

INFO: 2025-02-22 07:45:13.882530: StartResource(https://get.docker.com/): download

INFO: 2025-02-22 07:45:13.891895: Executing modules

INFO: 2025-02-22 07:45:13.892104: Modules executed

INFO: 2025-02-22 07:45:14.493258: EndResource(https://get.docker.com/): download

INFO: 2025-02-22 07:45:14.493473: StartResource(https://get.docker.com/): download

INFO: 2025-02-22 07:45:14.493726: Executing modules

INFO: 2025-02-22 07:45:14.493830: Modules executed

INFO: 2025-02-22 07:45:14.496040: File /home/kingwill101/code/dart_packages/configr/examples/download/docker2.sh deleted

INFO: 2025-02-22 07:45:14.822553: EndResource(https://get.docker.com/): download

INFO: 2025-02-22 07:45:14.823306: StartResource(https://get.docker.com/): copy

INFO: 2025-02-22 07:45:14.826176: Executing modules

INFO: 2025-02-22 07:45:14.826425: Modules executed

INFO: 2025-02-22 07:45:14.839079: Executing modules

INFO: 2025-02-22 07:45:14.839312: Modules executed

INFO: 2025-02-22 07:45:14.840024: Copying file from /home/kingwill101/code/dart_packages/configr/examples/download/docker.sh to /home/kingwill101/code/dart_packages/configr/examples/download/docker.copied.sh

INFO: 2025-02-22 07:45:14.841030: File copied successfully

INFO: 2025-02-22 07:45:14.842005: EndResource(https://get.docker.com/): copy

INFO: 2025-02-22 07:45:14.842532: StartResource(https://get.docker.com/): delete

INFO: 2025-02-22 07:45:14.843601: Executing modules

INFO: 2025-02-22 07:45:14.843717: Modules executed

INFO: 2025-02-22 07:45:14.843988: Deleting file /home/kingwill101/code/dart_packages/configr/examples/download/docker.sh

INFO: 2025-02-22 07:45:14.844362: File /home/kingwill101/code/dart_packages/configr/examples/download/docker.sh deleted

INFO: 2025-02-22 07:45:14.845111: EndResource(https://get.docker.com/): delete

INFO: 2025-02-22 07:45:14.845267: StartResource(https://get.docker.com/): delete

INFO: 2025-02-22 07:45:14.845597: Executing modules

INFO: 2025-02-22 07:45:14.845696: Modules executed

INFO: 2025-02-22 07:45:14.845838: Deleting file /home/kingwill101/code/dart_packages/configr/examples/download/docker.copied.sh

INFO: 2025-02-22 07:45:14.846220: File /home/kingwill101/code/dart_packages/configr/examples/download/docker.copied.sh deleted

INFO: 2025-02-22 07:45:14.846813: EndResource(https://get.docker.com/): delete

INFO: 2025-09-28 14:17:11.251412: Resource resource_1 unchanged, skipping

SEVERE: 2025-09-28 15:58:28.615193: Error: FormatException: Could not find an option named "--verbose".

Error: FormatException: Could not find an option named "--verbose".

StackTrace: #0      Parser.parse (package:args/src/parser.dart:74:11)
#1      ArgParser.parse (package:args/src/arg_parser.dart:362:42)
#2      ConfigrCommandRunner.run (file:///run/media/kingwill101/disk2/code/code/dart_packages/configr/bin/main.dart:46:34)
#3      main (file:///run/media/kingwill101/disk2/code/code/dart_packages/configr/bin/main.dart:73:18)
#4      _delayEntrypointInvocation.<anonymous closure> (dart:isolate-patch/isolate_patch.dart:312:33)
#5      _RawReceivePort._handleMessage (dart:isolate-patch/isolate_patch.dart:193:12)

