
INFO: 2025-09-28 06:30:05.779634: No valid lockfile found, will apply all resources

SEVERE: 2025-09-28 06:30:05.819140: unable to setup: type 'String' is not a subtype of type 'List<dynamic>?' in type cast

Error: type 'String' is not a subtype of type 'List<dynamic>?' in type cast

StackTrace: #0      FilePackageModule._loadConfiguration (package:configr/modules/resource/package.dart:82:45)
#1      new FilePackageModule (package:configr/modules/resource/package.dart:67:5)
#2      getModuleForAction (package:configr/modules/resource/resource_module.dart:288:14)
#3      ConfigManager.applyConfig (package:configr/config_manager.dart:208:27)
<asynchronous suspension>
#4      ApplyCommand.execute (package:configr/commands/apply.dart:13:5)
<asynchronous suspension>
#5      main (file:///run/media/kingwill101/disk2/code/code/dart_packages/configr/bin/main.dart:123:5)
<asynchronous suspension>


INFO: 2025-09-28 06:31:30.610457: StartResource(/tmp): package

INFO: 2025-09-28 06:31:30.760345: Using package manager: pacman

INFO: 2025-09-28 06:31:30.761419: Updating package cache...

SEVERE: 2025-09-28 06:31:30.840470: Failed to process package ["git", "curl", "wget", "vim", "nano", "htop", "tree"]: StdinException: Error setting terminal echo mode, OS Error: Inappropriate ioctl for device, errno = 25

INFO: 2025-09-28 06:31:30.841300: Package operation completed successfully. Packages processed: 0, Skipped: 0

INFO: 2025-09-28 06:31:30.864176: EndResource(/tmp): package

INFO: 2025-09-28 06:31:30.865775: StartResource(/tmp): package

SEVERE: 2025-09-28 06:31:30.889665: Resource failed (package): Package manager apt is not available on this system

StackTrace: #0      FilePackageModule._getPackageManager (package:configr/modules/resource/package.dart:154:9)
<asynchronous suspension>
#1      FilePackageModule.execute (package:configr/modules/resource/package.dart:122:23)
<asynchronous suspension>
#2      ResourceModule.call (package:configr/modules/resource/resource_module.dart:191:7)
<asynchronous suspension>
#3      ConfigManager.applyConfig (package:configr/config_manager.dart:213:17)
<asynchronous suspension>
#4      ApplyCommand.execute (package:configr/commands/apply.dart:13:5)
<asynchronous suspension>
#5      main (file:///run/media/kingwill101/disk2/code/code/dart_packages/configr/bin/main.dart:123:5)
<asynchronous suspension>


INFO: 2025-09-28 06:31:30.892314: Package rollback: This operation cannot be fully rolled back as original package states are not tracked

INFO: 2025-09-28 06:31:30.899724: Package operation results: {}

SEVERE: 2025-09-28 06:31:30.929501: unable to setup: ModuleException: Multiple configuration errors occurred:
- Package manager apt is not available on this system
Error Code: CONFIGURATION_FAILED
Severity: critical
Category: configuration
Operation: configuration_validation


Error: ModuleException: Multiple configuration errors occurred:
- Package manager apt is not available on this system
Error Code: CONFIGURATION_FAILED
Severity: critical
Category: configuration
Operation: configuration_validation


StackTrace: #0      ConfigManager.applyConfig (package:configr/config_manager.dart:252:9)
<asynchronous suspension>
#1      ApplyCommand.execute (package:configr/commands/apply.dart:13:5)
<asynchronous suspension>
#2      main (file:///run/media/kingwill101/disk2/code/code/dart_packages/configr/bin/main.dart:123:5)
<asynchronous suspension>


INFO: 2025-09-28 06:32:18.952325: Resource resource_1 unchanged, skipping

INFO: 2025-09-28 06:32:19.002044: StartResource(/tmp): package

SEVERE: 2025-09-28 06:32:19.071430: Resource failed (package): Package manager apt is not available on this system

StackTrace: #0      FilePackageModule._getPackageManager (package:configr/modules/resource/package.dart:154:9)
<asynchronous suspension>
#1      FilePackageModule.execute (package:configr/modules/resource/package.dart:122:23)
<asynchronous suspension>
#2      ResourceModule.call (package:configr/modules/resource/resource_module.dart:191:7)
<asynchronous suspension>
#3      ConfigManager.applyConfig (package:configr/config_manager.dart:213:17)
<asynchronous suspension>
#4      ApplyCommand.execute (package:configr/commands/apply.dart:13:5)
<asynchronous suspension>
#5      main (file:///run/media/kingwill101/disk2/code/code/dart_packages/configr/bin/main.dart:123:5)
<asynchronous suspension>


INFO: 2025-09-28 06:32:19.076592: Package rollback: This operation cannot be fully rolled back as original package states are not tracked

INFO: 2025-09-28 06:32:19.082563: Package operation results: {}

SEVERE: 2025-09-28 06:32:19.129241: unable to setup: ModuleException: Multiple configuration errors occurred:
- Package manager apt is not available on this system
Error Code: CONFIGURATION_FAILED
Severity: critical
Category: configuration
Operation: configuration_validation


Error: ModuleException: Multiple configuration errors occurred:
- Package manager apt is not available on this system
Error Code: CONFIGURATION_FAILED
Severity: critical
Category: configuration
Operation: configuration_validation


StackTrace: #0      ConfigManager.applyConfig (package:configr/config_manager.dart:252:9)
<asynchronous suspension>
#1      ApplyCommand.execute (package:configr/commands/apply.dart:13:5)
<asynchronous suspension>
#2      main (file:///run/media/kingwill101/disk2/code/code/dart_packages/configr/bin/main.dart:123:5)
<asynchronous suspension>


INFO: 2025-09-28 06:32:21.946163: Config file has changed, applying all resources

INFO: 2025-09-28 06:32:21.979219: StartResource(/tmp): package

INFO: 2025-09-28 06:32:22.109764: Using package manager: pacman

SEVERE: 2025-09-28 06:32:22.168104: Failed to process package ["vim"]: StdinException: Error setting terminal echo mode, OS Error: Inappropriate ioctl for device, errno = 25

INFO: 2025-09-28 06:32:22.169797: Package operation completed successfully. Packages processed: 0, Skipped: 0

INFO: 2025-09-28 06:32:22.191745: EndResource(/tmp): package

INFO: 2025-09-28 06:33:57.173019: Config file has changed, applying all resources

INFO: 2025-09-28 06:33:57.207787: StartResource(/tmp): package

INFO: 2025-09-28 06:33:57.476418: Using package manager: npm

SEVERE: 2025-09-28 06:33:57.539737: Failed to process package ["lodash"]: StdinException: Error setting terminal echo mode, OS Error: Inappropriate ioctl for device, errno = 25

INFO: 2025-09-28 06:33:57.540809: Package operation completed successfully. Packages processed: 0, Skipped: 0

INFO: 2025-09-28 06:33:57.561061: EndResource(/tmp): package

INFO: 2025-09-28 06:36:18.666879: Config file has changed, applying all resources

INFO: 2025-09-28 06:36:18.702904: StartResource(/tmp): package

INFO: 2025-09-28 06:36:18.828724: Using package manager: pacman

INFO: 2025-09-28 06:36:18.830126: Updating package cache...

SEVERE: 2025-09-28 06:36:23.098251: Failed to process package ["git", "curl", "wget", "vim", "nano", "htop", "tree"]: Exception: Failed to run command with sudo: [sudo] password for kingwill101: Sorry, try again.
[sudo] password for kingwill101: 
sudo: no password was provided
sudo: 1 incorrect password attempt


INFO: 2025-09-28 06:36:23.099223: Package operation completed successfully. Packages processed: 0, Skipped: 0

INFO: 2025-09-28 06:36:23.125765: EndResource(/tmp): package

INFO: 2025-09-28 06:36:23.127454: StartResource(/tmp): package

SEVERE: 2025-09-28 06:36:23.152008: Resource failed (package): Package manager apt is not available on this system

StackTrace: #0      FilePackageModule._getPackageManager (package:configr/modules/resource/package.dart:154:9)
<asynchronous suspension>
#1      FilePackageModule.execute (package:configr/modules/resource/package.dart:122:23)
<asynchronous suspension>
#2      ResourceModule.call (package:configr/modules/resource/resource_module.dart:191:7)
<asynchronous suspension>
#3      ConfigManager.applyConfig (package:configr/config_manager.dart:213:17)
<asynchronous suspension>
#4      ApplyCommand.execute (package:configr/commands/apply.dart:13:5)
<asynchronous suspension>
#5      main (file:///run/media/kingwill101/disk2/code/code/dart_packages/configr/bin/main.dart:123:5)
<asynchronous suspension>


INFO: 2025-09-28 06:36:23.154522: Package rollback: This operation cannot be fully rolled back as original package states are not tracked

INFO: 2025-09-28 06:36:23.157521: Package operation results: {}

SEVERE: 2025-09-28 06:36:23.191692: unable to setup: ModuleException: Multiple configuration errors occurred:
- Package manager apt is not available on this system
Error Code: CONFIGURATION_FAILED
Severity: critical
Category: configuration
Operation: configuration_validation


Error: ModuleException: Multiple configuration errors occurred:
- Package manager apt is not available on this system
Error Code: CONFIGURATION_FAILED
Severity: critical
Category: configuration
Operation: configuration_validation


StackTrace: #0      ConfigManager.applyConfig (package:configr/config_manager.dart:252:9)
<asynchronous suspension>
#1      ApplyCommand.execute (package:configr/commands/apply.dart:13:5)
<asynchronous suspension>
#2      main (file:///run/media/kingwill101/disk2/code/code/dart_packages/configr/bin/main.dart:123:5)
<asynchronous suspension>


INFO: 2025-09-28 06:37:16.601277: Resource resource_1 unchanged, skipping

INFO: 2025-09-28 06:37:16.656789: StartResource(/tmp): package

SEVERE: 2025-09-28 06:37:16.739174: Resource failed (package): Package manager apt is not available on this system

StackTrace: #0      FilePackageModule._getPackageManager (package:configr/modules/resource/package.dart:154:9)
<asynchronous suspension>
#1      FilePackageModule.execute (package:configr/modules/resource/package.dart:122:23)
<asynchronous suspension>
#2      ResourceModule.call (package:configr/modules/resource/resource_module.dart:191:7)
<asynchronous suspension>
#3      ConfigManager.applyConfig (package:configr/config_manager.dart:213:17)
<asynchronous suspension>
#4      ApplyCommand.execute (package:configr/commands/apply.dart:13:5)
<asynchronous suspension>
#5      main (file:///run/media/kingwill101/disk2/code/code/dart_packages/configr/bin/main.dart:123:5)
<asynchronous suspension>


INFO: 2025-09-28 06:37:16.744493: Package rollback: This operation cannot be fully rolled back as original package states are not tracked

INFO: 2025-09-28 06:37:16.746691: Package operation results: {}

SEVERE: 2025-09-28 06:37:16.797408: unable to setup: ModuleException: Multiple configuration errors occurred:
- Package manager apt is not available on this system
Error Code: CONFIGURATION_FAILED
Severity: critical
Category: configuration
Operation: configuration_validation


Error: ModuleException: Multiple configuration errors occurred:
- Package manager apt is not available on this system
Error Code: CONFIGURATION_FAILED
Severity: critical
Category: configuration
Operation: configuration_validation


StackTrace: #0      ConfigManager.applyConfig (package:configr/config_manager.dart:252:9)
<asynchronous suspension>
#1      ApplyCommand.execute (package:configr/commands/apply.dart:13:5)
<asynchronous suspension>
#2      main (file:///run/media/kingwill101/disk2/code/code/dart_packages/configr/bin/main.dart:123:5)
<asynchronous suspension>


INFO: 2025-09-28 06:42:17.461961: Config file has changed, applying all resources

INFO: 2025-09-28 06:42:17.503649: StartResource(/tmp): package

INFO: 2025-09-28 06:42:18.076578: Using package manager: npm

SEVERE: 2025-09-28 06:42:18.292569: Failed to process package ["lodash"]: Exception: Passwordless sudo required but not available. Please configure passwordless sudo or run with appropriate privileges.

INFO: 2025-09-28 06:42:18.299445: Package operation completed successfully. Packages processed: 0, Skipped: 0

INFO: 2025-09-28 06:42:18.364465: EndResource(/tmp): package

INFO: 2025-09-28 06:43:41.526393: Config file has changed, applying all resources

INFO: 2025-09-28 06:43:41.568244: Package module properties: {packages: ["test-package"], operation: install, package_manager: npm, update_cache: false, skip_if_installed: true, status: null, timestamp: null, sha256: null}

INFO: 2025-09-28 06:43:41.568827: Packages property type: String

INFO: 2025-09-28 06:43:41.569400: Packages property value: ["test-package"]

INFO: 2025-09-28 06:43:41.570854: StartResource(/tmp): package

INFO: 2025-09-28 06:43:41.883151: Using package manager: npm

SEVERE: 2025-09-28 06:43:41.950228: Failed to process package ["test-package"]: Exception: Passwordless sudo required but not available. Please configure passwordless sudo or run with appropriate privileges.

INFO: 2025-09-28 06:43:41.951643: Package operation completed successfully. Packages processed: 0, Skipped: 0

INFO: 2025-09-28 06:43:41.972757: EndResource(/tmp): package

INFO: 2025-09-28 06:44:02.752754: Resource resource_1 unchanged, skipping

INFO: 2025-09-28 06:44:34.680869: Resource resource_1 unchanged, skipping

INFO: 2025-09-28 06:45:10.655820: Config file has changed, applying all resources

INFO: 2025-09-28 06:45:10.689404: Package module properties: {packages: ["test-package", "another-package"], operation: install, package_manager: npm, update_cache: false, skip_if_installed: true, status: null, timestamp: null, sha256: null}

INFO: 2025-09-28 06:45:10.690607: Packages property type: String

INFO: 2025-09-28 06:45:10.692667: Packages property value: ["test-package", "another-package"]

INFO: 2025-09-28 06:45:10.697729: StartResource(/tmp): package

INFO: 2025-09-28 06:45:11.022311: Using package manager: npm

SEVERE: 2025-09-28 06:45:11.103375: Failed to process package test-package: Exception: Passwordless sudo required but not available. Please configure passwordless sudo or run with appropriate privileges.

SEVERE: 2025-09-28 06:45:11.177193: Failed to process package another-package: Exception: Passwordless sudo required but not available. Please configure passwordless sudo or run with appropriate privileges.

INFO: 2025-09-28 06:45:11.178682: Package operation completed successfully. Packages processed: 0, Skipped: 0

INFO: 2025-09-28 06:45:11.208708: EndResource(/tmp): package

INFO: 2025-09-28 06:46:07.686177: Resource resource_1 unchanged, skipping

INFO: 2025-09-28 06:48:59.103604: Config file has changed, applying all resources

INFO: 2025-09-28 06:48:59.131249: StartResource(/tmp): package

INFO: 2025-09-28 06:48:59.342973: Using package manager: npm

SEVERE: 2025-09-28 06:48:59.393571: Failed to process package lodash: StdinException: Error setting terminal echo mode, OS Error: Inappropriate ioctl for device, errno = 25

INFO: 2025-09-28 06:48:59.394520: Package operation completed successfully. Packages processed: 0, Skipped: 0

INFO: 2025-09-28 06:48:59.410688: EndResource(/tmp): package

INFO: 2025-09-28 06:49:58.134855: Resource resource_1 unchanged, skipping

INFO: 2025-09-28 06:50:33.130864: Config file has changed, applying all resources

INFO: 2025-09-28 06:50:33.182859: StartResource(/tmp): package

INFO: 2025-09-28 06:50:33.502115: Using package manager: npm

SEVERE: 2025-09-28 06:50:33.563900: Failed to process package lodash: StdinException: Error setting terminal echo mode, OS Error: Inappropriate ioctl for device, errno = 25

SEVERE: 2025-09-28 06:50:33.614865: Failed to process package express: StdinException: Error setting terminal echo mode, OS Error: Inappropriate ioctl for device, errno = 25

INFO: 2025-09-28 06:50:33.616235: Package operation completed successfully. Packages processed: 0, Skipped: 0

INFO: 2025-09-28 06:50:33.639596: EndResource(/tmp): package

INFO: 2025-09-28 06:51:30.434501: Resource resource_1 unchanged, skipping

INFO: 2025-09-28 14:17:39.308602: Config file has changed, applying all resources

INFO: 2025-09-28 14:17:39.321860: StartResource(/tmp): package

INFO: 2025-09-28 14:17:39.386079: Using package manager: pacman

INFO: 2025-09-28 14:17:46.983501: Package vim is already installed, skipping

INFO: 2025-09-28 14:17:46.984117: Package operation completed successfully. Packages processed: 0, Skipped: 1

INFO: 2025-09-28 14:17:46.994411: EndResource(/tmp): package

INFO: 2025-09-28 14:18:30.319811: Resource resource_1 unchanged, skipping

INFO: 2025-09-28 14:27:12.533353: Resource resource_1 unchanged, skipping

INFO: 2025-09-28 14:27:47.437806: Starting rollback of configuration...

INFO: 2025-09-28 14:27:47.480952: Rolling back resource /tmp: package

INFO: 2025-09-28 14:27:47.481957: Package rollback: This operation cannot be fully rolled back as original package states are not tracked

INFO: 2025-09-28 14:27:47.483292: Package operation results: {}

INFO: 2025-09-28 14:27:47.507269: Configuration rollback completed successfully

INFO: 2025-09-28 14:28:10.061616: StartResource(/tmp): package

INFO: 2025-09-28 14:28:10.122381: Using package manager: pacman

SEVERE: 2025-09-28 14:28:13.745252: Failed to process package vim: Exception: Failed to run command with sudo: [sudo] password for kingwill101: Sorry, try again.
[sudo] password for kingwill101: 
sudo: no password was provided
sudo: 1 incorrect password attempt


INFO: 2025-09-28 14:28:13.747413: Package operation completed successfully. Packages processed: 0, Skipped: 0

INFO: 2025-09-28 14:28:13.779005: EndResource(/tmp): package

INFO: 2025-09-28 14:31:54.006615: Resource resource_1 unchanged, skipping

INFO: 2025-09-28 14:32:11.001134: Starting rollback of configuration...

INFO: 2025-09-28 14:32:11.047329: Rolling back resource /tmp: package

INFO: 2025-09-28 14:32:11.048494: Package rollback: This operation cannot be fully rolled back as original package states are not tracked

INFO: 2025-09-28 14:32:11.050602: Package operation results: {}

INFO: 2025-09-28 14:32:11.070332: Configuration rollback completed successfully

INFO: 2025-09-28 14:32:25.024246: StartResource(/tmp): package

INFO: 2025-09-28 14:32:25.089770: Using package manager: pacman

INFO: 2025-09-28 14:32:33.533055: Package vim is already installed, skipping

INFO: 2025-09-28 14:32:33.533642: Package operation completed successfully. Packages processed: 0, Skipped: 1

INFO: 2025-09-28 14:32:33.544721: EndResource(/tmp): package

INFO: 2025-09-28 14:33:18.003582: Config file has changed, applying all resources

INFO: 2025-09-28 14:33:18.016658: StartResource(/tmp): package

INFO: 2025-09-28 14:33:18.075558: Using package manager: pacman

INFO: 2025-09-28 14:33:18.076158: Updating package cache...

INFO: 2025-09-28 14:33:18.120507: Package git is already installed, skipping

INFO: 2025-09-28 14:33:18.166563: Package curl is already installed, skipping

INFO: 2025-09-28 14:33:18.212123: Package wget is already installed, skipping

INFO: 2025-09-28 14:33:18.252464: Package vim is already installed, skipping

INFO: 2025-09-28 14:33:18.297016: Package nano is already installed, skipping

INFO: 2025-09-28 14:33:18.335501: Package htop is already installed, skipping

INFO: 2025-09-28 14:33:18.380311: Package tree is already installed, skipping

INFO: 2025-09-28 14:33:18.380833: Package operation completed successfully. Packages processed: 0, Skipped: 7

INFO: 2025-09-28 14:33:18.392218: EndResource(/tmp): package

INFO: 2025-09-28 14:33:18.393349: StartResource(/tmp): package

SEVERE: 2025-09-28 14:33:18.403812: Resource failed (package): Package manager apt is not available on this system

StackTrace: #0      FilePackageModule._getPackageManager (package:configr/modules/resource/package.dart:177:9)
<asynchronous suspension>
#1      FilePackageModule.execute (package:configr/modules/resource/package.dart:146:23)
<asynchronous suspension>
#2      ResourceModule.call (package:configr/modules/resource/resource_module.dart:192:7)
<asynchronous suspension>
#3      ConfigManager.applyConfig (package:configr/config_manager.dart:212:17)
<asynchronous suspension>
#4      ApplyCommand.executeCommand (package:configr/commands/apply.dart:20:5)
<asynchronous suspension>


INFO: 2025-09-28 14:33:18.404632: Package rollback: This operation cannot be fully rolled back as original package states are not tracked

INFO: 2025-09-28 14:33:18.405517: Package operation results: {}

SEVERE: 2025-09-29 07:42:07.789048: Error executing module FilePackageModule: ModuleException: Package manager apt is not available on this system
Error Code: ACTION_FAILED
Severity: medium
Category: execution
Operation: action_execution
Retryable: Yes


SEVERE: 2025-09-29 07:42:07.830744: Error executing module FilePackageModule: ModuleException: Package manager apt is not available on this system
Error Code: ACTION_FAILED
Severity: medium
Category: execution
Operation: action_execution
Retryable: Yes


SEVERE: 2025-09-29 07:42:19.672491: Failed to process package old-package: Exception: Failed to get password for sudo: Exception: Failed to run command with sudo: error: package 'old-package' was not found


SEVERE: 2025-09-29 07:42:23.574629: Failed to process package unused-tool: Exception: Failed to get password for sudo: Exception: Failed to run command with sudo: error: package 'unused-tool' was not found


SEVERE: 2025-09-29 07:42:27.705498: Failed to process package deprecated-app: Exception: Failed to get password for sudo: Exception: Failed to run command with sudo: error: package 'deprecated-app' was not found


SEVERE: 2025-09-29 07:42:36.712101: Failed to process package corrupted-package: Exception: Failed to get password for sudo: Exception: Failed to run command with sudo: error: package 'corrupted-package' was not found


SEVERE: 2025-09-29 07:42:39.566909: Failed to process package broken-tool: Exception: Failed to get password for sudo: Exception: Failed to run command with sudo: error: package 'broken-tool' was not found


SEVERE: 2025-09-29 07:42:42.502447: Failed to process package kubectl: Exception: Failed to get password for sudo: Exception: Failed to run command with sudo: error: package 'kubectl' was not found


SEVERE: 2025-09-29 07:42:45.344449: Failed to process package helm: Exception: Failed to get password for sudo: Exception: Failed to run command with sudo: error: package 'helm' was not found


SEVERE: 2025-09-29 07:42:50.054088: Failed to process package fail2ban: Exception: Failed to get password for sudo: Exception: Failed to run command with sudo: error: package 'fail2ban' was not found


SEVERE: 2025-09-29 07:42:52.881102: Failed to process package ufw: Exception: Failed to get password for sudo: Exception: Failed to run command with sudo: error: package 'ufw' was not found


SEVERE: 2025-09-29 07:43:00.063331: Failed to process package clamav: Exception: Failed to get password for sudo: Exception: Failed to run command with sudo: error: package 'clamav' was not found


SEVERE: 2025-09-29 07:43:02.697924: Failed to process package rkhunter: Exception: Failed to get password for sudo: Exception: Failed to run command with sudo: error: package 'rkhunter' was not found


SEVERE: 2026-06-21 18:16:45.361550: Failed to install package git,: ProcessException: No such file or directory
  Command: auto install -y git,

SEVERE: 2026-06-21 18:16:45.682266: Failed to install package curl,: ProcessException: No such file or directory
  Command: auto install -y curl,

SEVERE: 2026-06-21 18:16:45.683179: Failed to install package wget,: ProcessException: No such file or directory
  Command: auto install -y wget,

SEVERE: 2026-06-21 18:16:45.683937: Failed to install package vim,: ProcessException: No such file or directory
  Command: auto install -y vim,

SEVERE: 2026-06-21 18:16:45.684682: Failed to install package nano,: ProcessException: No such file or directory
  Command: auto install -y nano,

SEVERE: 2026-06-21 18:16:45.685423: Failed to install package htop,: ProcessException: No such file or directory
  Command: auto install -y htop,

SEVERE: 2026-06-21 18:16:45.686182: Failed to install package tree: ProcessException: No such file or directory
  Command: auto install -y tree

SEVERE: 2026-06-21 18:55:19.727463: Failed to install package git,: ProcessException: No such file or directory
  Command: auto install -y git,

SEVERE: 2026-06-21 18:55:19.729886: Failed to install package curl,: ProcessException: No such file or directory
  Command: auto install -y curl,

SEVERE: 2026-06-21 18:55:19.732791: Failed to install package wget,: ProcessException: No such file or directory
  Command: auto install -y wget,

SEVERE: 2026-06-21 18:55:19.734284: Failed to install package vim,: ProcessException: No such file or directory
  Command: auto install -y vim,

SEVERE: 2026-06-21 18:55:19.736288: Failed to install package nano,: ProcessException: No such file or directory
  Command: auto install -y nano,

SEVERE: 2026-06-21 18:55:19.738280: Failed to install package htop,: ProcessException: No such file or directory
  Command: auto install -y htop,

SEVERE: 2026-06-21 18:55:19.740376: Failed to install package tree: ProcessException: No such file or directory
  Command: auto install -y tree

SEVERE: 2026-06-21 19:13:30.821121: Failed to install package git,: ProcessException: No such file or directory
  Command: auto install -y git,

SEVERE: 2026-06-21 19:13:30.822304: Failed to install package curl,: ProcessException: No such file or directory
  Command: auto install -y curl,

SEVERE: 2026-06-21 19:13:30.823280: Failed to install package wget,: ProcessException: No such file or directory
  Command: auto install -y wget,

SEVERE: 2026-06-21 19:13:30.824747: Failed to install package vim,: ProcessException: No such file or directory
  Command: auto install -y vim,

SEVERE: 2026-06-21 19:13:30.826010: Failed to install package nano,: ProcessException: No such file or directory
  Command: auto install -y nano,

SEVERE: 2026-06-21 19:13:30.827206: Failed to install package htop,: ProcessException: No such file or directory
  Command: auto install -y htop,

SEVERE: 2026-06-21 19:13:30.828271: Failed to install package tree: ProcessException: No such file or directory
  Command: auto install -y tree
